// Jest Snapshot v1, https://goo.gl/fbAQLP

exports[`Expect to render Card Component 1`] = `
"<div className=\\"tc bg-light-green dib br3 pa3 ma2 grow bw2 shadow-5\\">
  <img src=\\"https://robohash.org/undefined?set=set4&size=250x250\\" alt=\\"cat\\" />
  <div>
    <h2 />
    <p />
  </div>
</div>"
`;
